// Jest Snapshot v1, https://goo.gl/fbAQLP

exports[`Testing <LoginScreen /> should show an error if the login data is incorrect 1`] = `
<div
  className="main-login-screen"
>
  <div
    className="login-screen"
  >
    <img
      alt="batman logo"
      src="assets/img/batman-ico.png"
    />
    <form
      className="login-form"
      onSubmit={[Function]}
    >
      <div
        className="form-group"
      >
        <label
          className="field"
          htmlFor="exampleInputEmail1"
        >
          User
        </label>
        <input
          className="form-control"
          id="exampleInputEmail1"
          name="email"
          onChange={[Function]}
          required={true}
          type="mail"
          value=""
        />
      </div>
      <div
        className="form-group"
      >
        <label
          className="field"
          htmlFor="exampleInputPassword1"
        >
          Password
        </label>
        <input
          className="form-control"
          id="exampleInputPassword1"
          name="password"
          onChange={[Function]}
          required={true}
          type="password"
          value=""
        />
      </div>
      <button
        className="btn btn-light"
        type="submit"
      >
        Login
      </button>
    </form>
    <div
      className="alert alert-danger"
    >
      Please complete the user and password
    </div>
  </div>
</div>
`;
